../Core/Src/main.c:79:5:main	8	static
../Core/Src/main.c:139:6:SystemClock_Config	88	static
../Core/Src/main.c:185:13:MX_ADC1_Init	24	static
../Core/Src/main.c:237:13:MX_UART4_Init	8	static
../Core/Src/main.c:270:13:MX_UART5_Init	8	static
../Core/Src/main.c:303:13:MX_GPIO_Init	56	static
../Core/Src/main.c:441:13:InitializeVariables	4	static
../Core/Src/main.c:449:17:GetAdcValue	24	static
../Core/Src/main.c:461:22:GetButtonState	24	static
../Core/Src/main.c:478:13:SendNewMessage	16	static
../Core/Src/main.c:488:6:Error_Handler	4	static,ignoring_inline_asm
