../Core/Src/main.c:81:5:main	8	static
../Core/Src/main.c:155:6:SystemClock_Config	88	static
../Core/Src/main.c:201:13:MX_ADC1_Init	24	static
../Core/Src/main.c:253:13:MX_UART5_Init	8	static
../Core/Src/main.c:286:13:MX_GPIO_Init	56	static
../Core/Src/main.c:432:13:InitializeVariables	4	static
../Core/Src/main.c:441:14:GetResistanceValue	24	static
../Core/Src/main.c:455:22:GetButtonState	24	static
../Core/Src/main.c:472:13:SendNewMessage	40	static
../Core/Src/main.c:498:6:Error_Handler	4	static,ignoring_inline_asm
